[2026-09-03 13:05:05.084] [info] This file will contain all warnings and errors of the analysis
[2026-09-03 13:07:30.691] [warning] Layer 1 X:\Projects\bird_flu_surveillance\species\1011_Fregata_andrewsi.tif value range is zero, removing from analysis
[2026-09-03 13:07:30.691] [warning] Layer 6 X:\Projects\bird_flu_surveillance\species\1017_Pelecanoides_georgicus.tif value range is zero, removing from analysis
[2026-09-03 13:07:30.691] [warning] Layer 8 X:\Projects\bird_flu_surveillance\species\1020_Morus_serrator.tif value range is zero, removing from analysis
[2026-09-03 13:07:30.691] [warning] Layer 13 X:\Projects\bird_flu_surveillance\species\1034_Oceanites_oceanicus.tif value range is zero, removing from analysis
[2026-09-03 13:07:30.691] [warning] Layer 18 X:\Projects\bird_flu_surveillance\species\1047_Procellaria_cinerea.tif value range is zero, removing from analysis
[2026-09-03 13:07:30.691] [warning] Layer 19 X:\Projects\bird_flu_surveillance\species\1055_Pterodroma_lessonii.tif value range is zero, removing from analysis
[2026-09-03 13:07:30.691] [warning] Layer 20 X:\Projects\bird_flu_surveillance\species\1057_Daption_capense.tif value range is zero, removing from analysis
[2026-09-03 13:07:30.691] [warning] Layer 21 X:\Projects\bird_flu_surveillance\species\1059_Halobaena_caerulea.tif value range is zero, removing from analysis
[2026-09-03 13:07:30.691] [warning] Layer 24 X:\Projects\bird_flu_surveillance\species\1063_Pachyptila_crassirostris.tif value range is zero, removing from analysis
[2026-09-03 13:07:30.691] [warning] Layer 25 X:\Projects\bird_flu_surveillance\species\1064_Pachyptila_desolata.tif value range is zero, removing from analysis
[2026-09-03 13:07:30.691] [warning] Layer 28 X:\Projects\bird_flu_surveillance\species\1076_Phoebetria_palpebrata.tif value range is zero, removing from analysis
[2026-09-03 13:07:30.691] [warning] Layer 30 X:\Projects\bird_flu_surveillance\species\1079_Aptenodytes_patagonicus.tif value range is zero, removing from analysis
[2026-09-03 13:07:30.691] [warning] Layer 32 X:\Projects\bird_flu_surveillance\species\1080_Eudyptes_chrysocome.tif value range is zero, removing from analysis
[2026-09-03 13:07:30.691] [warning] Layer 34 X:\Projects\bird_flu_surveillance\species\1087_Pygoscelis_antarcticus.tif value range is zero, removing from analysis
[2026-09-03 13:07:30.691] [warning] Layer 35 X:\Projects\bird_flu_surveillance\species\1088_Pygoscelis_papua.tif value range is zero, removing from analysis
[2026-09-03 13:07:30.691] [warning] Layer 57 X:\Projects\bird_flu_surveillance\species\25551_Eudyptes_chrysolophus_sensu_lato.tif value range is zero, removing from analysis
[2026-09-03 13:07:30.691] [warning] Layer 60 X:\Projects\bird_flu_surveillance\species\25909_Arctocephalus_tropicalis.tif value range is zero, removing from analysis
[2026-09-03 13:07:30.691] [warning] Layer 67 X:\Projects\bird_flu_surveillance\species\26_Mirounga_leonina.tif value range is zero, removing from analysis
[2026-09-03 13:07:30.691] [warning] Layer 75 X:\Projects\bird_flu_surveillance\species\26021_Phaethon_lepturus_fulvus.tif value range is zero, removing from analysis
[2026-09-03 13:07:30.691] [warning] Layer 79 X:\Projects\bird_flu_surveillance\species\26188_Ninox_novaeseelandiae_undulata.tif value range is zero, removing from analysis
[2026-09-03 13:07:30.691] [warning] Layer 101 X:\Projects\bird_flu_surveillance\species\35_Balaenoptera_edeni.tif value range is zero, removing from analysis
[2026-09-03 13:07:30.691] [warning] Layer 109 X:\Projects\bird_flu_surveillance\species\43_Lagenorhynchus_obscurus.tif value range is zero, removing from analysis
[2026-09-03 13:07:30.691] [warning] Layer 120 X:\Projects\bird_flu_surveillance\species\59_Physeter_macrocephalus.tif value range is zero, removing from analysis
[2026-09-03 13:07:30.691] [warning] Layer 124 X:\Projects\bird_flu_surveillance\species\59297_Papasula_abbotti.tif value range is zero, removing from analysis
[2026-09-03 13:07:30.691] [warning] Layer 131 X:\Projects\bird_flu_surveillance\species\59472_Stercorarius_antarcticus.tif value range is zero, removing from analysis
[2026-09-03 13:07:30.691] [warning] Layer 135 X:\Projects\bird_flu_surveillance\species\59569_Morus_capensis.tif value range is zero, removing from analysis
[2026-09-03 13:07:30.783] [warning] Layer 136 X:\Projects\bird_flu_surveillance\species\59570_Acrocephalus_orientalis.tif value range is zero, removing from analysis
[2026-09-03 13:07:30.784] [warning] Layer 137 X:\Projects\bird_flu_surveillance\species\59597_Garrodia_nereis.tif value range is zero, removing from analysis
[2026-09-03 13:07:30.785] [warning] Layer 143 X:\Projects\bird_flu_surveillance\species\604_Petroica_multicolor.tif value range is zero, removing from analysis
[2026-09-03 13:07:30.785] [warning] Layer 148 X:\Projects\bird_flu_surveillance\species\642_Motacilla_cinerea.tif value range is zero, removing from analysis
[2026-09-03 13:07:30.786] [warning] Layer 151 X:\Projects\bird_flu_surveillance\species\64405_Diomedea_amsterdamensis.tif value range is zero, removing from analysis
[2026-09-03 13:07:30.787] [warning] Layer 157 X:\Projects\bird_flu_surveillance\species\64444_Pachycephala_pectoralis_xanthoprocta.tif value range is zero, removing from analysis
[2026-09-03 13:07:30.787] [warning] Layer 161 X:\Projects\bird_flu_surveillance\species\64451_Sterna_vittata_bethunei.tif value range is zero, removing from analysis
[2026-09-03 13:07:30.788] [warning] Layer 162 X:\Projects\bird_flu_surveillance\species\64452_Sterna_vittata_vittata.tif value range is zero, removing from analysis
[2026-09-03 13:07:30.789] [warning] Layer 176 X:\Projects\bird_flu_surveillance\species\66471_Diomedea_dabbenena.tif value range is zero, removing from analysis
[2026-09-03 13:07:30.789] [warning] Layer 178 X:\Projects\bird_flu_surveillance\species\66491_Thalassarche_chrysostoma.tif value range is zero, removing from analysis
[2026-09-03 13:07:30.790] [warning] Layer 193 X:\Projects\bird_flu_surveillance\species\66671_Ninox_natalis.tif value range is zero, removing from analysis
[2026-09-03 13:07:30.790] [warning] Layer 194 X:\Projects\bird_flu_surveillance\species\66728_Phocoena_dioptrica.tif value range is zero, removing from analysis
[2026-09-03 13:07:30.791] [warning] Layer 198 X:\Projects\bird_flu_surveillance\species\66973_Pterodroma_heraldica.tif value range is zero, removing from analysis
[2026-09-03 13:07:30.792] [warning] Layer 199 X:\Projects\bird_flu_surveillance\species\66994_Leucocarbo_atriceps_nivalis.tif value range is zero, removing from analysis
[2026-09-03 13:07:30.792] [warning] Layer 200 X:\Projects\bird_flu_surveillance\species\66995_Leucocarbo_atriceps_purpurascens.tif value range is zero, removing from analysis
[2026-09-03 13:07:30.793] [warning] Layer 201 X:\Projects\bird_flu_surveillance\species\67030_Chalcophaps_indica_natalis.tif value range is zero, removing from analysis
[2026-09-03 13:07:30.794] [warning] Layer 206 X:\Projects\bird_flu_surveillance\species\67046_Cyanoramphus_cookii.tif value range is zero, removing from analysis
[2026-09-03 13:07:30.794] [warning] Layer 218 X:\Projects\bird_flu_surveillance\species\67122_Turdus_poliocephalus_erythropleurus.tif value range is zero, removing from analysis
[2026-09-03 13:07:30.795] [warning] Layer 264 X:\Projects\bird_flu_surveillance\species\824_Anous_minutus.tif value range is zero, removing from analysis
[2026-09-03 13:07:30.796] [warning] Layer 266 X:\Projects\bird_flu_surveillance\species\82408_Accipiter_hiogaster_natalis.tif value range is zero, removing from analysis
[2026-09-03 13:07:30.796] [warning] Layer 319 X:\Projects\bird_flu_surveillance\species\86568_Crocidura_trichura.tif value range is zero, removing from analysis
[2026-09-03 13:07:30.797] [warning] Layer 334 X:\Projects\bird_flu_surveillance\species\87611_Pteropus_natalis.tif value range is zero, removing from analysis
[2026-09-03 13:07:30.798] [warning] Layer 355 X:\Projects\bird_flu_surveillance\species\88994_Hypotaenidia_philippensis_andrewsi.tif value range is zero, removing from analysis
